<?xml version="1.0" encoding="UTF-8"?>
<TestRun id="99162de8-6462-4d60-90a9-967714e72725" name="Paul@PAUL-MSI 2011-07-14 07:39:58" runUser="Paul-MSI\Paul" xmlns="http://microsoft.com/schemas/VisualStudio/TeamTest/2010">
  <TestSettings name="Default Test Settings" id="6ff2649c-b705-4216-888d-b80d8b88cb87">
    <Deployment runDeploymentRoot="Paul_PAUL-MSI 2011-07-14 07_39_58">
      <DeploymentItem filename="C:\Code\Ximura\Ximura\bin\Debug\Ximura.dll" />
      <DeploymentItem filename="C:\Code\GTFSEngine\bin\Debug\GTFSEngine2.dll" />
    </Deployment>
    <Execution>
      <TestTypeSpecific />
      <AgentRule name="Execution Agents">
      </AgentRule>
    </Execution>
  </TestSettings>
  <Times creation="2011-07-14T07:39:58.4658920+01:00" queuing="2011-07-14T07:40:00.7720239+01:00" start="2011-07-14T07:40:01.0930423+01:00" finish="2011-07-14T07:40:54.2900850+01:00" />
  <ResultSummary outcome="Error">
    <Counters total="1" executed="1" error="0" failed="0" timeout="0" aborted="1" inconclusive="0" passedButRunAborted="0" notRunnable="0" notExecuted="0" disconnected="0" warning="0" passed="0" completed="0" inProgress="0" pending="0" />
    <RunInfos>
      <RunInfo computerName="PAUL-MSI" outcome="Error" timestamp="2011-07-14T07:40:54.2870848+01:00">
        <Text>Test host process exited unexpectedly.</Text>
      </RunInfo>
    </RunInfos>
  </ResultSummary>
  <TestDefinitions>
    <UnitTest name="Test_CalendarDates" storage="c:\code\gtfsengine\unit test\bin\debug\stancergtfsenginetest.dll" id="82d96c64-a769-233f-189a-4247c4059885">
      <Execution id="7def71f1-3976-4428-872a-ce90324de112" />
      <TestMethod codeBase="C:/Code/GTFSEngine/Unit Test/bin/Debug/StancerGTFSEngineTest.DLL" adapterTypeName="Microsoft.VisualStudio.TestTools.TestTypes.Unit.UnitTestAdapter, Microsoft.VisualStudio.QualityTools.Tips.UnitTest.Adapter, Version=10.0.0.0, Culture=neutral, PublicKeyToken=b03f5f7f11d50a3a" className="Stancer.GTFSEngine.Test.Test_Engine, StancerGTFSEngineTest, Version=1.0.0.0, Culture=neutral, PublicKeyToken=null" name="Test_CalendarDates" />
    </UnitTest>
  </TestDefinitions>
  <TestLists>
    <TestList name="Results Not in a List" id="8c84fa94-04c1-424b-9868-57a2d4851a1d" />
    <TestList name="All Loaded Results" id="19431567-8539-422a-85d7-44ee4e166bda" />
  </TestLists>
  <TestEntries>
    <TestEntry testId="82d96c64-a769-233f-189a-4247c4059885" executionId="7def71f1-3976-4428-872a-ce90324de112" testListId="8c84fa94-04c1-424b-9868-57a2d4851a1d" />
  </TestEntries>
  <Results>
    <UnitTestResult executionId="7def71f1-3976-4428-872a-ce90324de112" testId="82d96c64-a769-233f-189a-4247c4059885" testName="Test_CalendarDates" computerName="PAUL-MSI" duration="00:00:52.9350277" startTime="2011-07-14T07:40:01.3550573+01:00" endTime="2011-07-14T07:40:54.2900850+01:00" testType="13cdc9d9-ddb5-4fa4-a97d-d965ccfc6d4b" outcome="Aborted" testListId="8c84fa94-04c1-424b-9868-57a2d4851a1d" relativeResultsDirectory="7def71f1-3976-4428-872a-ce90324de112">
    </UnitTestResult>
  </Results>
</TestRun>